

================================================================
== Vitis HLS Report for 'pow_generic_float_s'
================================================================
* Date:           Sat Jan 25 18:22:27 2025

* Version:        2024.2 (Build 5238294 on Nov  8 2024)
* Project:        Alex_Net
* Solution:       norm1 (Vivado IP Flow Target)
* Product family: zynquplus
* Target device:  xczu7ev-ffvc1156-2-i


================================================================
== Performance Estimates
================================================================
+ Timing: 
    * Summary: 
    +--------+----------+----------+------------+
    |  Clock |  Target  | Estimated| Uncertainty|
    +--------+----------+----------+------------+
    |ap_clk  |  10.00 ns|  7.232 ns|     2.70 ns|
    +--------+----------+----------+------------+

+ Latency: 
    * Summary: 
    +---------+---------+----------+----------+-----+-----+---------+
    |  Latency (cycles) |  Latency (absolute) |  Interval | Pipeline|
    |   min   |   max   |    min   |    max   | min | max |   Type  |
    +---------+---------+----------+----------+-----+-----+---------+
    |       11|       11|  0.110 us|  0.110 us|    1|    1|      yes|
    +---------+---------+----------+----------+-----+-----+---------+

    + Detail: 
        * Instance: 
        N/A

        * Loop: 
        N/A



================================================================
== Utilization Estimates
================================================================
* Summary: 
+-----------------+---------+------+--------+--------+-----+
|       Name      | BRAM_18K|  DSP |   FF   |   LUT  | URAM|
+-----------------+---------+------+--------+--------+-----+
|DSP              |        -|     1|       -|       -|    -|
|Expression       |        -|     -|       0|    3387|    -|
|FIFO             |        -|     -|       -|       -|    -|
|Instance         |        -|    16|       0|     283|    -|
|Memory           |        7|     -|      66|      23|    -|
|Multiplexer      |        -|     -|       0|      14|    -|
|Register         |        -|     -|    1874|     512|    -|
+-----------------+---------+------+--------+--------+-----+
|Total            |        7|    17|    1940|    4219|    0|
+-----------------+---------+------+--------+--------+-----+
|Available        |      624|  1728|  460800|  230400|   96|
+-----------------+---------+------+--------+--------+-----+
|Utilization (%)  |        1|    ~0|      ~0|       1|    0|
+-----------------+---------+------+--------+--------+-----+

+ Detail: 
    * Instance: 
    +-----------------------------------+------------------------------+---------+----+---+----+-----+
    |              Instance             |            Module            | BRAM_18K| DSP| FF| LUT| URAM|
    +-----------------------------------+------------------------------+---------+----+---+----+-----+
    |bitselect_1ns_23ns_32s_1_1_0_U110  |bitselect_1ns_23ns_32s_1_1_0  |        0|   0|  0|   9|    0|
    |mul_10s_36s_36_1_0_U102            |mul_10s_36s_36_1_0            |        0|   2|  0|  24|    0|
    |mul_18ns_18ns_36_1_0_U112          |mul_18ns_18ns_36_1_0          |        0|   1|  0|   5|    0|
    |mul_23ns_23ns_45_1_0_U103          |mul_23ns_23ns_45_1_0          |        0|   2|  0|  31|    0|
    |mul_25ns_6ns_31_1_0_U107           |mul_25ns_6ns_31_1_0           |        0|   1|  0|  50|    0|
    |mul_39ns_4ns_43_1_0_U108           |mul_39ns_4ns_43_1_0           |        0|   0|  0|  27|    0|
    |mul_41ns_6ns_47_1_0_U104           |mul_41ns_6ns_47_1_0           |        0|   2|  0|  25|    0|
    |mul_43s_25s_67_1_0_U105            |mul_43s_25s_67_1_0            |        0|   3|  0|  19|    0|
    |mul_44ns_6ns_50_1_0_U106           |mul_44ns_6ns_50_1_0           |        0|   2|  0|  16|    0|
    |mul_9s_45ns_52_1_0_U101            |mul_9s_45ns_52_1_0            |        0|   3|  0|  16|    0|
    |sparsemux_19_8_32_1_0_U113         |sparsemux_19_8_32_1_0         |        0|   0|  0|  43|    0|
    |sparsemux_7_2_1_1_0_U109           |sparsemux_7_2_1_1_0           |        0|   0|  0|   9|    0|
    |sparsemux_7_2_1_1_0_U111           |sparsemux_7_2_1_1_0           |        0|   0|  0|   9|    0|
    +-----------------------------------+------------------------------+---------+----+---+----+-----+
    |Total                              |                              |        0|  16|  0| 283|    0|
    +-----------------------------------+------------------------------+---------+----+---+----+-----+

    * DSP: 
    +-------------------------------------+--------------------------------+--------------+
    |               Instance              |             Module             |  Expression  |
    +-------------------------------------+--------------------------------+--------------+
    |mac_muladd_13s_12ns_16s_25_4_0_U114  |mac_muladd_13s_12ns_16s_25_4_0  |  i0 + i1 * i2|
    +-------------------------------------+--------------------------------+--------------+

    * Memory: 
    +-------------------------------------------------------------------------+----------------------------------------------------------------------------------+---------+----+----+-----+------+-----+------+-------------+
    |                                  Memory                                 |                                      Module                                      | BRAM_18K| FF | LUT| URAM| Words| Bits| Banks| W*Bits*Banks|
    +-------------------------------------------------------------------------+----------------------------------------------------------------------------------+---------+----+----+-----+------+-----+------+-------------+
    |pow_reduce_anonymous_namespace_log0_lut_table_array_U                    |pow_generic_float_s_pow_reduce_anonymous_namespace_log0_lut_table_array_ROM_Acud  |        2|   0|   0|    0|    64|   56|     1|         3584|
    |pow_reduce_anonymous_namespace_log_inverse_lut_table_pow_0_5_64_array_U  |pow_generic_float_s_pow_reduce_anonymous_namespace_log_inverse_lut_table_pow_bkb  |        0|   6|   6|    0|    64|    6|     1|          384|
    |pow_reduce_anonymous_namespace_log_lut_table_ap_fixed_12_6_64_array_U    |pow_generic_float_s_pow_reduce_anonymous_namespace_log_lut_table_ap_fixed_12_fYi  |        2|   0|   0|    0|    64|   44|     1|         2816|
    |pow_reduce_anonymous_namespace_log_lut_table_ap_fixed_4_4_16_array_U     |pow_generic_float_s_pow_reduce_anonymous_namespace_log_lut_table_ap_fixed_4_4dEe  |        0|  52|  13|    0|    16|   52|     1|          832|
    |pow_reduce_anonymous_namespace_log_lut_table_ap_fixed_7_6_64_array_U     |pow_generic_float_s_pow_reduce_anonymous_namespace_log_lut_table_ap_fixed_7_6eOg  |        2|   0|   0|    0|    64|   49|     1|         3136|
    |pow_reduce_anonymous_namespace_table_exp_Z1_ap_ufixed_array_U            |pow_generic_float_s_pow_reduce_anonymous_namespace_table_exp_Z1_ap_ufixed_arrg8j  |        1|   0|   0|    0|   512|   27|     1|        13824|
    |pow_reduce_anonymous_namespace_table_f_Z2_ap_ufixed_array_U              |pow_generic_float_s_pow_reduce_anonymous_namespace_table_f_Z2_ap_ufixed_arrayhbi  |        0|   8|   4|    0|    32|    8|     1|          256|
    +-------------------------------------------------------------------------+----------------------------------------------------------------------------------+---------+----+----+-----+------+-----+------+-------------+
    |Total                                                                    |                                                                                  |        7|  66|  23|    0|   816|  242|     7|        24832|
    +-------------------------------------------------------------------------+----------------------------------------------------------------------------------+---------+----+----+-----+------+-----+------+-------------+

    * FIFO: 
    N/A

    * Expression: 
    +------------------------------+----------+----+---+-----+------------+------------+
    |         Variable Name        | Operation| DSP| FF| LUT | Bitwidth P0| Bitwidth P1|
    +------------------------------+----------+----+---+-----+------------+------------+
    |add_ln142_1_fu_862_p2         |         +|   0|  0|   57|          50|          50|
    |add_ln142_fu_857_p2           |         +|   0|  0|   56|          56|          56|
    |add_ln160_fu_1827_p2          |         +|   0|  0|   26|          19|          19|
    |add_ln373_fu_1064_p2          |         +|   0|  0|   12|           5|           1|
    |add_ln44_1_fu_713_p2          |         +|   0|  0|   50|          50|          50|
    |add_ln44_2_fu_829_p2          |         +|   0|  0|   63|          63|          63|
    |add_ln44_fu_637_p2            |         +|   0|  0|   44|          44|          44|
    |add_ln525_1_fu_1469_p2        |         +|   0|  0|   65|          65|          65|
    |add_ln525_fu_1459_p2          |         +|   0|  0|   65|          65|          65|
    |add_ln563_1_fu_1745_p2        |         +|   0|  0|   17|          10|           1|
    |add_ln616_1_fu_1885_p2        |         +|   0|  0|   51|          44|          44|
    |add_ln616_fu_1853_p2          |         +|   0|  0|   34|          27|           3|
    |b_exp_1_fu_1384_p2            |         +|   0|  0|   16|           9|           8|
    |b_exp_fu_924_p2               |         +|   0|  0|   16|           9|           8|
    |log_sum_1_fu_872_p2           |         +|   0|  0|   56|          56|          56|
    |m_exp_fu_934_p2               |         +|   0|  0|   16|           9|           8|
    |out_exp_fu_2018_p2            |         +|   0|  0|   15|           8|           7|
    |r_exp_1_fu_1899_p2            |         +|   0|  0|   17|          10|           2|
    |e_frac_1_fu_1497_p2           |         -|   0|  0|   32|           1|          25|
    |sub_ln422_fu_1230_p2          |         -|   0|  0|   16|           8|           9|
    |sub_ln44_1_fu_741_p2          |         -|   0|  0|   50|          50|          50|
    |sub_ln44_2_fu_847_p2          |         -|   0|  0|   63|          63|          63|
    |sub_ln44_fu_645_p2            |         -|   0|  0|   44|          44|          44|
    |sub_ln522_fu_1428_p2          |         -|   0|  0|   70|          63|          63|
    |sub_ln545_fu_1519_p2          |         -|   0|  0|   15|           7|           8|
    |sub_ln574_fu_1781_p2          |         -|   0|  0|   34|          27|          27|
    |and_ln342_1_fu_2065_p2        |       and|   0|  0|    2|           1|           1|
    |and_ln342_fu_2045_p2          |       and|   0|  0|    2|           1|           1|
    |and_ln373_1_fu_1080_p2        |       and|   0|  0|   23|          23|          23|
    |and_ln378_fu_1132_p2          |       and|   0|  0|    2|           1|           1|
    |and_ln386_1_fu_2055_p2        |       and|   0|  0|    2|           1|           1|
    |and_ln386_fu_1162_p2          |       and|   0|  0|    2|           1|           1|
    |and_ln422_1_fu_1260_p2        |       and|   0|  0|    2|           1|           1|
    |and_ln422_fu_1254_p2          |       and|   0|  0|    2|           1|           1|
    |and_ln431_1_fu_1306_p2        |       and|   0|  0|    2|           1|           1|
    |and_ln431_2_fu_1312_p2        |       and|   0|  0|    2|           1|           1|
    |and_ln431_3_fu_1318_p2        |       and|   0|  0|    2|           1|           1|
    |and_ln431_4_fu_2071_p2        |       and|   0|  0|    2|           1|           1|
    |and_ln431_5_fu_2076_p2        |       and|   0|  0|    2|           1|           1|
    |and_ln431_fu_1300_p2          |       and|   0|  0|    2|           1|           1|
    |and_ln438_1_fu_1348_p2        |       and|   0|  0|    2|           1|           1|
    |and_ln438_2_fu_1354_p2        |       and|   0|  0|    2|           1|           1|
    |and_ln438_3_fu_1360_p2        |       and|   0|  0|    2|           1|           1|
    |and_ln438_4_fu_2082_p2        |       and|   0|  0|    2|           1|           1|
    |and_ln438_5_fu_2087_p2        |       and|   0|  0|    2|           1|           1|
    |and_ln438_fu_1342_p2          |       and|   0|  0|    2|           1|           1|
    |and_ln628_1_fu_2093_p2        |       and|   0|  0|    2|           1|           1|
    |and_ln628_fu_1911_p2          |       and|   0|  0|    2|           1|           1|
    |and_ln629_1_fu_2108_p2        |       and|   0|  0|    2|           1|           1|
    |and_ln629_fu_2098_p2          |       and|   0|  0|    2|           1|           1|
    |and_ln645_1_fu_2124_p2        |       and|   0|  0|    2|           1|           1|
    |and_ln645_fu_2119_p2          |       and|   0|  0|    2|           1|           1|
    |r_sign_fu_1294_p2             |       and|   0|  0|    2|           1|           1|
    |x_is_1_fu_952_p2              |       and|   0|  0|    2|           1|           1|
    |x_is_NaN_fu_1008_p2           |       and|   0|  0|    2|           1|           1|
    |x_is_inf_fu_1018_p2           |       and|   0|  0|    2|           1|           1|
    |x_is_n1_fu_968_p2             |       and|   0|  0|    2|           1|           1|
    |x_is_neg_fu_1035_p2           |       and|   0|  0|    2|           1|           1|
    |x_is_p1_fu_962_p2             |       and|   0|  0|    2|           1|           1|
    |y_is_NaN_fu_997_p2            |       and|   0|  0|    2|           1|           1|
    |y_is_inf_fu_985_p2            |       and|   0|  0|    2|           1|           1|
    |y_is_ninf_fu_1192_p2          |       and|   0|  0|    2|           1|           1|
    |y_is_pinf_fu_1186_p2          |       and|   0|  0|    2|           1|           1|
    |ashr_ln545_fu_1652_p2         |      ashr|   0|  0|  191|          67|          67|
    |ashr_ln546_fu_1687_p2         |      ashr|   0|  0|  187|          66|          66|
    |ashr_ln553_fu_1576_p2         |      ashr|   0|  0|  191|          67|          67|
    |icmp_ln18_1_fu_979_p2         |      icmp|   0|  0|   30|          23|           1|
    |icmp_ln18_2_fu_991_p2         |      icmp|   0|  0|   30|          23|           1|
    |icmp_ln18_3_fu_1003_p2        |      icmp|   0|  0|   15|           8|           2|
    |icmp_ln18_4_fu_492_p2         |      icmp|   0|  0|   30|          23|           1|
    |icmp_ln18_fu_973_p2           |      icmp|   0|  0|   15|           8|           2|
    |icmp_ln340_1_fu_487_p2        |      icmp|   0|  0|   30|          23|           1|
    |icmp_ln340_fu_946_p2          |      icmp|   0|  0|   16|           9|           1|
    |icmp_ln372_fu_1040_p2         |      icmp|   0|  0|   16|           9|           5|
    |icmp_ln421_fu_1212_p2         |      icmp|   0|  0|   16|           9|           1|
    |icmp_ln422_1_fu_1224_p2       |      icmp|   0|  0|   16|           9|           5|
    |icmp_ln422_fu_1218_p2         |      icmp|   0|  0|   16|           9|           1|
    |icmp_ln563_fu_1739_p2         |      icmp|   0|  0|   22|          15|           1|
    |icmp_ln628_1_fu_1925_p2       |      icmp|   0|  0|   10|           3|           1|
    |icmp_ln628_fu_1704_p2         |      icmp|   0|  0|   74|          67|          67|
    |icmp_ln645_fu_1937_p2         |      icmp|   0|  0|   17|          10|           8|
    |x_is_0_fu_1013_p2             |      icmp|   0|  0|   15|           8|           1|
    |y_is_0_fu_940_p2              |      icmp|   0|  0|   15|           8|           1|
    |y_is_int_fu_1112_p4           |      icmp|   0|  0|   30|          23|           1|
    |lshr_ln373_fu_1074_p2         |      lshr|   0|  0|   61|           2|          23|
    |or_ln357_fu_1023_p2           |        or|   0|  0|    2|           1|           1|
    |or_ln373_fu_1092_p2           |        or|   0|  0|    2|           1|           1|
    |or_ln378_1_fu_1144_p2         |        or|   0|  0|    2|           1|           1|
    |or_ln378_fu_1138_p2           |        or|   0|  0|    2|           1|           1|
    |or_ln386_1_fu_1168_p2         |        or|   0|  0|    2|           1|           1|
    |or_ln386_2_fu_1174_p2         |        or|   0|  0|    2|           1|           1|
    |or_ln386_3_fu_2035_p2         |        or|   0|  0|    2|           1|           1|
    |or_ln386_fu_1150_p2           |        or|   0|  0|    2|           1|           1|
    |or_ln431_1_fu_1330_p2         |        or|   0|  0|    2|           1|           1|
    |or_ln431_2_fu_1336_p2         |        or|   0|  0|    2|           1|           1|
    |or_ln431_fu_1324_p2           |        or|   0|  0|    2|           1|           1|
    |or_ln438_1_fu_1372_p2         |        or|   0|  0|    2|           1|           1|
    |or_ln438_2_fu_1378_p2         |        or|   0|  0|    2|           1|           1|
    |or_ln438_fu_1366_p2           |        or|   0|  0|    2|           1|           1|
    |or_ln628_fu_1931_p2           |        or|   0|  0|    2|           1|           1|
    |b_exp_2_fu_1390_p3            |    select|   0|  0|    9|           1|           9|
    |b_frac_2_fu_517_p3            |    select|   0|  0|   25|           1|          25|
    |e_frac_2_fu_1503_p3           |    select|   0|  0|   25|           1|          25|
    |m_fix_0_in_in_v_v_fu_1590_p3  |    select|   0|  0|   66|           1|          67|
    |m_fix_back_fu_1693_p3         |    select|   0|  0|   65|           1|          66|
    |m_fix_l_fu_1670_p3            |    select|   0|  0|   65|           1|          66|
    |out_sig_fu_1963_p3            |    select|   0|  0|   22|           1|          23|
    |r_exp_2_fu_1904_p3            |    select|   0|  0|   10|           1|          10|
    |r_exp_fu_1759_p3              |    select|   0|  0|   10|           1|          10|
    |select_ln42_fu_608_p3         |    select|   0|  0|   40|           1|          44|
    |select_ln545_fu_1528_p3       |    select|   0|  0|    9|           1|           9|
    |select_ln553_1_fu_1582_p3     |    select|   0|  0|   66|           1|          67|
    |select_ln553_fu_1555_p3       |    select|   0|  0|    9|           1|           9|
    |select_ln563_fu_1751_p3       |    select|   0|  0|   10|           1|          10|
    |shl_ln545_fu_1657_p2          |       shl|   0|  0|  191|          67|          67|
    |shl_ln546_fu_1681_p2          |       shl|   0|  0|  187|          66|          66|
    |shl_ln552_fu_1541_p2          |       shl|   0|  0|  191|          67|          67|
    |shl_ln553_fu_1570_p2          |       shl|   0|  0|  191|          67|          67|
    |x_abs_greater_1_fu_1206_p2    |       xor|   0|  0|    2|           1|           2|
    |xor_ln341_fu_957_p2           |       xor|   0|  0|    2|           1|           2|
    |xor_ln342_fu_2060_p2          |       xor|   0|  0|    2|           1|           2|
    |xor_ln357_fu_1029_p2          |       xor|   0|  0|    2|           1|           2|
    |xor_ln373_fu_1098_p2          |       xor|   0|  0|    2|           1|           2|
    |xor_ln386_1_fu_2039_p2        |       xor|   0|  0|    2|           1|           2|
    |xor_ln386_2_fu_2050_p2        |       xor|   0|  0|    2|           1|           2|
    |xor_ln386_fu_1156_p2          |       xor|   0|  0|    2|           1|           2|
    |xor_ln421_fu_1248_p2          |       xor|   0|  0|    2|           1|           2|
    |xor_ln431_fu_1986_p2          |       xor|   0|  0|    2|           1|           2|
    |xor_ln438_fu_1991_p2          |       xor|   0|  0|    2|           1|           2|
    |xor_ln628_fu_2114_p2          |       xor|   0|  0|    2|           1|           2|
    |xor_ln629_fu_2103_p2          |       xor|   0|  0|    2|           1|           2|
    |y_is_pos_fu_1180_p2           |       xor|   0|  0|    2|           1|           2|
    +------------------------------+----------+----+---+-----+------------+------------+
    |Total                         |          |   0|  0| 3387|        1720|        1972|
    +------------------------------+----------+----+---+-----+------------+------------+

    * Multiplexer: 
    +-----------+----+-----------+-----+-----------+
    |    Name   | LUT| Input Size| Bits| Total Bits|
    +-----------+----+-----------+-----+-----------+
    |ap_return  |  14|          3|   32|         96|
    +-----------+----+-----------+-----+-----------+
    |Total      |  14|          3|   32|         96|
    +-----------+----+-----------+-----+-----------+

    * Register: 
    +--------------------------------+----+----+-----+-----------+
    |              Name              | FF | LUT| Bits| Const Bits|
    +--------------------------------+----+----+-----+-----------+
    |a_3_reg_2299                    |   6|   0|    6|          0|
    |a_reg_2263                      |   4|   0|    4|          0|
    |ap_ce_reg                       |   1|   0|    1|          0|
    |ap_return_int_reg               |  32|   0|   32|          0|
    |base_r_int_reg                  |  32|   0|   32|          0|
    |bs_exp_reg_2209                 |   8|   0|    8|          0|
    |bs_sig_reg_2216                 |  23|   0|   23|          0|
    |e_frac_2_reg_2398               |  25|   0|   25|          0|
    |es_exp_reg_2329                 |   8|   0|    8|          0|
    |exp_int_reg                     |  32|   0|   32|          0|
    |exp_read_reg_2204               |  32|   0|   32|          0|
    |icmp_ln18_4_reg_2253            |   1|   0|    1|          0|
    |icmp_ln340_1_reg_2247           |   1|   0|    1|          0|
    |icmp_ln422_reg_2368             |   1|   0|    1|          0|
    |icmp_ln628_reg_2436             |   1|   0|    1|          0|
    |icmp_ln645_reg_2474             |   1|   0|    1|          0|
    |log_base_reg_2393               |  43|   0|   43|          0|
    |log_sum_1_reg_2314              |  56|   0|   56|          0|
    |log_sum_reg_2258                |  56|   0|   56|          0|
    |log_sum_reg_2258_pp0_iter2_reg  |  56|   0|   56|          0|
    |m_diff_lo_reg_2453              |  18|   0|   18|          0|
    |m_exp_reg_2334                  |   9|   0|    9|          0|
    |m_fix_reg_2415                  |  27|   0|   27|          0|
    |m_frac_l_reg_2403               |  67|   0|   67|          0|
    |mul_ln44_reg_2278               |  43|   0|   43|          0|
    |or_ln378_1_reg_2355             |   1|   0|    1|          0|
    |or_ln386_2_reg_2362             |   1|   0|    1|          0|
    |or_ln431_2_reg_2381             |   1|   0|    1|          0|
    |or_ln438_2_reg_2387             |   1|   0|    1|          0|
    |or_ln628_reg_2468               |   1|   0|    1|          0|
    |out_sig_reg_2479                |  23|   0|   23|          0|
    |r_exp_reg_2446                  |  10|   0|   10|          0|
    |r_exp_reg_2446_pp0_iter9_reg    |  10|   0|   10|          0|
    |r_sign_reg_2373                 |   1|   0|    1|          0|
    |select_ln42_reg_2273            |  28|   0|   44|         16|
    |select_ln545_reg_2410           |   9|   0|    9|          0|
    |tmp_10_reg_2420                 |   1|   0|    1|          0|
    |tmp_10_reg_2420_pp0_iter6_reg   |   1|   0|    1|          0|
    |tmp_16_reg_2430                 |   1|   0|    1|          0|
    |tmp_1_reg_2347                  |   1|   0|    1|          0|
    |tmp_1_reg_2347_pp0_iter5_reg    |   1|   0|    1|          0|
    |tmp_4_reg_2231                  |   1|   0|    1|          0|
    |tmp_7_reg_2304                  |  38|   0|   38|          0|
    |tmp_8_reg_2319                  |  39|   0|   39|          0|
    |tmp_reg_2224                    |   1|   0|    1|          0|
    |trunc_ln39_reg_2268             |  21|   0|   21|          0|
    |trunc_ln657_reg_2484            |   8|   0|    8|          0|
    |x_is_n1_reg_2341                |   1|   0|    1|          0|
    |z3_reg_2288                     |  44|   0|   44|          0|
    |zk_trunc_reg_2324               |  23|   0|   23|          0|
    |bs_exp_reg_2209                 |  64|  32|    8|          0|
    |exp_read_reg_2204               |  64|  32|   32|          0|
    |icmp_ln18_4_reg_2253            |  64|  32|    1|          0|
    |icmp_ln340_1_reg_2247           |  64|  32|    1|          0|
    |icmp_ln422_reg_2368             |  64|  32|    1|          0|
    |icmp_ln628_reg_2436             |  64|  32|    1|          0|
    |m_fix_reg_2415                  |  64|  32|   27|          0|
    |or_ln378_1_reg_2355             |  64|  32|    1|          0|
    |or_ln386_2_reg_2362             |  64|  32|    1|          0|
    |or_ln431_2_reg_2381             |  64|  32|    1|          0|
    |or_ln438_2_reg_2387             |  64|  32|    1|          0|
    |r_sign_reg_2373                 |  64|  32|    1|          0|
    |tmp_16_reg_2430                 |  64|  32|    1|          0|
    |tmp_4_reg_2231                  |  64|  32|    1|          0|
    |tmp_reg_2224                    |  64|  32|    1|          0|
    |x_is_n1_reg_2341                |  64|  32|    1|          0|
    +--------------------------------+----+----+-----+-----------+
    |Total                           |1874| 512|  946|         16|
    +--------------------------------+----+----+-----+-----------+



================================================================
== Interface
================================================================
* Summary: 
+-----------+-----+-----+------------+--------------------+--------------+
| RTL Ports | Dir | Bits|  Protocol  |    Source Object   |    C Type    |
+-----------+-----+-----+------------+--------------------+--------------+
|ap_clk     |   in|    1|  ap_ctrl_hs|  pow_generic<float>|  return value|
|ap_rst     |   in|    1|  ap_ctrl_hs|  pow_generic<float>|  return value|
|ap_return  |  out|   32|  ap_ctrl_hs|  pow_generic<float>|  return value|
|ap_ce      |   in|    1|  ap_ctrl_hs|  pow_generic<float>|  return value|
|base_r     |   in|   32|     ap_none|              base_r|        scalar|
|exp        |   in|   32|     ap_none|                 exp|        scalar|
+-----------+-----+-----+------------+--------------------+--------------+

