

================================================================
== Vitis HLS Report for 'conv2_Pipeline_F21'
================================================================
* Date:           Sun Jan 26 21:44:14 2025

* Version:        2024.2 (Build 5238294 on Nov  8 2024)
* Project:        Alex_Net
* Solution:       NN (Vivado IP Flow Target)
* Product family: zynquplus
* Target device:  xczu7ev-ffvc1156-2-i


================================================================
== Performance Estimates
================================================================
+ Timing: 
    * Summary: 
    +--------+----------+----------+------------+
    |  Clock |  Target  | Estimated| Uncertainty|
    +--------+----------+----------+------------+
    |ap_clk  |  10.00 ns|  6.285 ns|     2.70 ns|
    +--------+----------+----------+------------+

+ Latency: 
    * Summary: 
    +---------+---------+-----------+-----------+-----+-----+------------------------------------------------+
    |  Latency (cycles) |   Latency (absolute)  |  Interval |                    Pipeline                    |
    |   min   |   max   |    min    |    max    | min | max |                      Type                      |
    +---------+---------+-----------+-----------+-----+-----+------------------------------------------------+
    |        7|        7|  70.000 ns|  70.000 ns|    6|    6|  loop auto-rewind stp (delay=0 clock cycles(s))|
    +---------+---------+-----------+-----------+-----+-----+------------------------------------------------+

    + Detail: 
        * Instance: 
        N/A

        * Loop: 
        +----------+---------+---------+----------+-----------+-----------+------+----------+
        |          |  Latency (cycles) | Iteration|  Initiation Interval  | Trip |          |
        | Loop Name|   min   |   max   |  Latency |  achieved |   target  | Count| Pipelined|
        +----------+---------+---------+----------+-----------+-----------+------+----------+
        |- F21     |        5|        5|         2|          1|          1|     5|       yes|
        +----------+---------+---------+----------+-----------+-----------+------+----------+



================================================================
== Utilization Estimates
================================================================
* Summary: 
+-----------------+---------+------+--------+--------+-----+
|       Name      | BRAM_18K|  DSP |   FF   |   LUT  | URAM|
+-----------------+---------+------+--------+--------+-----+
|DSP              |        -|     -|       -|       -|    -|
|Expression       |        -|     -|       0|     137|    -|
|FIFO             |        -|     -|       -|       -|    -|
|Instance         |        -|     4|       0|     150|    -|
|Memory           |        -|     -|       -|       -|    -|
|Multiplexer      |        -|     -|       0|     261|    -|
|Register         |        -|     -|     809|       -|    -|
+-----------------+---------+------+--------+--------+-----+
|Total            |        0|     4|     809|     548|    0|
+-----------------+---------+------+--------+--------+-----+
|Available        |      624|  1728|  460800|  230400|   96|
+-----------------+---------+------+--------+--------+-----+
|Utilization (%)  |        0|    ~0|      ~0|      ~0|    0|
+-----------------+---------+------+--------+--------+-----+

+ Detail: 
    * Instance: 
    +-----------------------------+-----------------------+---------+----+---+----+-----+
    |           Instance          |         Module        | BRAM_18K| DSP| FF| LUT| URAM|
    +-----------------------------+-----------------------+---------+----+---+----+-----+
    |mul_11ns_13ns_23_1_1_U9454   |mul_11ns_13ns_23_1_1   |        0|   1|  0|   5|    0|
    |mul_11ns_13ns_23_1_1_U9455   |mul_11ns_13ns_23_1_1   |        0|   1|  0|   5|    0|
    |mul_11ns_13ns_23_1_1_U9456   |mul_11ns_13ns_23_1_1   |        0|   1|  0|   5|    0|
    |mul_11ns_13ns_23_1_1_U9457   |mul_11ns_13ns_23_1_1   |        0|   1|  0|   5|    0|
    |sparsemux_11_3_32_1_1_U9453  |sparsemux_11_3_32_1_1  |        0|   0|  0|  26|    0|
    |sparsemux_11_3_32_1_1_U9458  |sparsemux_11_3_32_1_1  |        0|   0|  0|  26|    0|
    |sparsemux_11_3_32_1_1_U9459  |sparsemux_11_3_32_1_1  |        0|   0|  0|  26|    0|
    |sparsemux_11_3_32_1_1_U9460  |sparsemux_11_3_32_1_1  |        0|   0|  0|  26|    0|
    |sparsemux_11_3_32_1_1_U9461  |sparsemux_11_3_32_1_1  |        0|   0|  0|  26|    0|
    +-----------------------------+-----------------------+---------+----+---+----+-----+
    |Total                        |                       |        0|   4|  0| 150|    0|
    +-----------------------------+-----------------------+---------+----+---+----+-----+

    * DSP: 
    N/A

    * Memory: 
    N/A

    * FIFO: 
    N/A

    * Expression: 
    +------------------------+----------+----+---+----+------------+------------+
    |      Variable Name     | Operation| DSP| FF| LUT| Bitwidth P0| Bitwidth P1|
    +------------------------+----------+----+---+----+------------+------------+
    |add_ln186_fu_1078_p2    |         +|   0|  0|  10|           3|           1|
    |add_ln189_1_fu_1179_p2  |         +|   0|  0|  18|          11|           2|
    |add_ln189_2_fu_1214_p2  |         +|   0|  0|  18|          11|           2|
    |add_ln189_3_fu_1249_p2  |         +|   0|  0|  18|          11|           3|
    |add_ln189_fu_1144_p2    |         +|   0|  0|  18|          11|           1|
    |empty_456_fu_1110_p2    |         +|   0|  0|  18|          11|          11|
    |empty_fu_1100_p2        |         +|   0|  0|  13|           6|           6|
    |ap_condition_821        |       and|   0|  0|   2|           1|           1|
    |ap_condition_825        |       and|   0|  0|   2|           1|           1|
    |ap_condition_833        |       and|   0|  0|   2|           1|           1|
    |ap_condition_838        |       and|   0|  0|   2|           1|           1|
    |ap_condition_841        |       and|   0|  0|   2|           1|           1|
    |ap_condition_845        |       and|   0|  0|   2|           1|           1|
    |icmp_ln186_fu_1072_p2   |      icmp|   0|  0|  10|           3|           3|
    |ap_enable_pp0           |       xor|   0|  0|   2|           1|           2|
    +------------------------+----------+----+---+----+------------+------------+
    |Total                   |          |   0|  0| 137|          74|          37|
    +------------------------+----------+----+---+----+------------+------------+

    * Multiplexer: 
    +-------------------------+----+-----------+-----+-----------+
    |           Name          | LUT| Input Size| Bits| Total Bits|
    +-------------------------+----+-----------+-----+-----------+
    |ap_done_int              |   9|          2|    1|          2|
    |ap_enable_reg_pp0_iter1  |   9|          2|    1|          2|
    |ap_sig_allocacmp_ii_3    |   9|          2|    3|          6|
    |filter_2D_10_fu_258      |   9|          2|   32|         64|
    |filter_2D_11_fu_262      |   9|          2|   32|         64|
    |filter_2D_12_fu_266      |   9|          2|   32|         64|
    |filter_2D_13_fu_270      |   9|          2|   32|         64|
    |filter_2D_14_fu_274      |   9|          2|   32|         64|
    |filter_2D_15_fu_278      |   9|          2|   32|         64|
    |filter_2D_16_fu_282      |   9|          2|   32|         64|
    |filter_2D_17_fu_286      |   9|          2|   32|         64|
    |filter_2D_18_fu_290      |   9|          2|   32|         64|
    |filter_2D_19_fu_294      |   9|          2|   32|         64|
    |filter_2D_1_fu_222       |   9|          2|   32|         64|
    |filter_2D_20_fu_298      |   9|          2|   32|         64|
    |filter_2D_21_fu_302      |   9|          2|   32|         64|
    |filter_2D_22_fu_306      |   9|          2|   32|         64|
    |filter_2D_23_fu_310      |   9|          2|   32|         64|
    |filter_2D_24_fu_314      |   9|          2|   32|         64|
    |filter_2D_2_fu_226       |   9|          2|   32|         64|
    |filter_2D_3_fu_230       |   9|          2|   32|         64|
    |filter_2D_4_fu_234       |   9|          2|   32|         64|
    |filter_2D_5_fu_238       |   9|          2|   32|         64|
    |filter_2D_6_fu_242       |   9|          2|   32|         64|
    |filter_2D_7_fu_246       |   9|          2|   32|         64|
    |filter_2D_8_fu_250       |   9|          2|   32|         64|
    |filter_2D_9_fu_254       |   9|          2|   32|         64|
    |filter_2D_fu_218         |   9|          2|   32|         64|
    |ii_fu_214                |   9|          2|    3|          6|
    +-------------------------+----+-----------+-----+-----------+
    |Total                    | 261|         58|  808|       1616|
    +-------------------------+----+-----------+-----+-----------+

    * Register: 
    +-------------------------+----+----+-----+-----------+
    |           Name          | FF | LUT| Bits| Const Bits|
    +-------------------------+----+----+-----+-----------+
    |ap_CS_fsm                |   1|   0|    1|          0|
    |ap_done_reg              |   1|   0|    1|          0|
    |ap_enable_reg_pp0_iter1  |   1|   0|    1|          0|
    |filter_2D_10_fu_258      |  32|   0|   32|          0|
    |filter_2D_11_fu_262      |  32|   0|   32|          0|
    |filter_2D_12_fu_266      |  32|   0|   32|          0|
    |filter_2D_13_fu_270      |  32|   0|   32|          0|
    |filter_2D_14_fu_274      |  32|   0|   32|          0|
    |filter_2D_15_fu_278      |  32|   0|   32|          0|
    |filter_2D_16_fu_282      |  32|   0|   32|          0|
    |filter_2D_17_fu_286      |  32|   0|   32|          0|
    |filter_2D_18_fu_290      |  32|   0|   32|          0|
    |filter_2D_19_fu_294      |  32|   0|   32|          0|
    |filter_2D_1_fu_222       |  32|   0|   32|          0|
    |filter_2D_20_fu_298      |  32|   0|   32|          0|
    |filter_2D_21_fu_302      |  32|   0|   32|          0|
    |filter_2D_22_fu_306      |  32|   0|   32|          0|
    |filter_2D_23_fu_310      |  32|   0|   32|          0|
    |filter_2D_24_fu_314      |  32|   0|   32|          0|
    |filter_2D_2_fu_226       |  32|   0|   32|          0|
    |filter_2D_3_fu_230       |  32|   0|   32|          0|
    |filter_2D_4_fu_234       |  32|   0|   32|          0|
    |filter_2D_5_fu_238       |  32|   0|   32|          0|
    |filter_2D_6_fu_242       |  32|   0|   32|          0|
    |filter_2D_7_fu_246       |  32|   0|   32|          0|
    |filter_2D_8_fu_250       |  32|   0|   32|          0|
    |filter_2D_9_fu_254       |  32|   0|   32|          0|
    |filter_2D_fu_218         |  32|   0|   32|          0|
    |ii_3_reg_1804            |   3|   0|    3|          0|
    |ii_fu_214                |   3|   0|    3|          0|
    +-------------------------+----+----+-----+-----------+
    |Total                    | 809|   0|  809|          0|
    +-------------------------+----+----+-----+-----------+



================================================================
== Interface
================================================================
* Summary: 
+--------------------------+-----+-----+------------+------------------------+--------------+
|         RTL Ports        | Dir | Bits|  Protocol  |      Source Object     |    C Type    |
+--------------------------+-----+-----+------------+------------------------+--------------+
|ap_clk                    |   in|    1|  ap_ctrl_hs|      conv2_Pipeline_F21|  return value|
|ap_rst                    |   in|    1|  ap_ctrl_hs|      conv2_Pipeline_F21|  return value|
|ap_start                  |   in|    1|  ap_ctrl_hs|      conv2_Pipeline_F21|  return value|
|ap_done                   |  out|    1|  ap_ctrl_hs|      conv2_Pipeline_F21|  return value|
|ap_idle                   |  out|    1|  ap_ctrl_hs|      conv2_Pipeline_F21|  return value|
|ap_ready                  |  out|    1|  ap_ctrl_hs|      conv2_Pipeline_F21|  return value|
|filter_2D_99              |   in|   32|     ap_none|            filter_2D_99|        scalar|
|filter_2D_98              |   in|   32|     ap_none|            filter_2D_98|        scalar|
|filter_2D_97              |   in|   32|     ap_none|            filter_2D_97|        scalar|
|filter_2D_96              |   in|   32|     ap_none|            filter_2D_96|        scalar|
|filter_2D_95              |   in|   32|     ap_none|            filter_2D_95|        scalar|
|filter_2D_94              |   in|   32|     ap_none|            filter_2D_94|        scalar|
|filter_2D_93              |   in|   32|     ap_none|            filter_2D_93|        scalar|
|filter_2D_92              |   in|   32|     ap_none|            filter_2D_92|        scalar|
|filter_2D_91              |   in|   32|     ap_none|            filter_2D_91|        scalar|
|filter_2D_90              |   in|   32|     ap_none|            filter_2D_90|        scalar|
|filter_2D_89              |   in|   32|     ap_none|            filter_2D_89|        scalar|
|filter_2D_88              |   in|   32|     ap_none|            filter_2D_88|        scalar|
|filter_2D_87              |   in|   32|     ap_none|            filter_2D_87|        scalar|
|filter_2D_86              |   in|   32|     ap_none|            filter_2D_86|        scalar|
|filter_2D_85              |   in|   32|     ap_none|            filter_2D_85|        scalar|
|filter_2D_84              |   in|   32|     ap_none|            filter_2D_84|        scalar|
|filter_2D_83              |   in|   32|     ap_none|            filter_2D_83|        scalar|
|filter_2D_82              |   in|   32|     ap_none|            filter_2D_82|        scalar|
|filter_2D_81              |   in|   32|     ap_none|            filter_2D_81|        scalar|
|filter_2D_80              |   in|   32|     ap_none|            filter_2D_80|        scalar|
|filter_2D_79              |   in|   32|     ap_none|            filter_2D_79|        scalar|
|filter_2D_78              |   in|   32|     ap_none|            filter_2D_78|        scalar|
|filter_2D_77              |   in|   32|     ap_none|            filter_2D_77|        scalar|
|filter_2D_76              |   in|   32|     ap_none|            filter_2D_76|        scalar|
|filter_2D_75              |   in|   32|     ap_none|            filter_2D_75|        scalar|
|phi_mul317                |   in|   11|     ap_none|              phi_mul317|        scalar|
|filter_local_load_3       |   in|   32|     ap_none|     filter_local_load_3|        scalar|
|filter_local_5_load_2     |   in|   32|     ap_none|   filter_local_5_load_2|        scalar|
|filter_local_10_load_1    |   in|   32|     ap_none|  filter_local_10_load_1|        scalar|
|filter_local_15_load_1    |   in|   32|     ap_none|  filter_local_15_load_1|        scalar|
|filter_local_20_load_1    |   in|   32|     ap_none|  filter_local_20_load_1|        scalar|
|filter_local_1_address0   |  out|    6|   ap_memory|          filter_local_1|         array|
|filter_local_1_ce0        |  out|    1|   ap_memory|          filter_local_1|         array|
|filter_local_1_q0         |   in|   32|   ap_memory|          filter_local_1|         array|
|filter_local_6_address0   |  out|    6|   ap_memory|          filter_local_6|         array|
|filter_local_6_ce0        |  out|    1|   ap_memory|          filter_local_6|         array|
|filter_local_6_q0         |   in|   32|   ap_memory|          filter_local_6|         array|
|filter_local_11_address0  |  out|    6|   ap_memory|         filter_local_11|         array|
|filter_local_11_ce0       |  out|    1|   ap_memory|         filter_local_11|         array|
|filter_local_11_q0        |   in|   32|   ap_memory|         filter_local_11|         array|
|filter_local_16_address0  |  out|    6|   ap_memory|         filter_local_16|         array|
|filter_local_16_ce0       |  out|    1|   ap_memory|         filter_local_16|         array|
|filter_local_16_q0        |   in|   32|   ap_memory|         filter_local_16|         array|
|filter_local_21_address0  |  out|    6|   ap_memory|         filter_local_21|         array|
|filter_local_21_ce0       |  out|    1|   ap_memory|         filter_local_21|         array|
|filter_local_21_q0        |   in|   32|   ap_memory|         filter_local_21|         array|
|filter_local_2_address0   |  out|    6|   ap_memory|          filter_local_2|         array|
|filter_local_2_ce0        |  out|    1|   ap_memory|          filter_local_2|         array|
|filter_local_2_q0         |   in|   32|   ap_memory|          filter_local_2|         array|
|filter_local_7_address0   |  out|    6|   ap_memory|          filter_local_7|         array|
|filter_local_7_ce0        |  out|    1|   ap_memory|          filter_local_7|         array|
|filter_local_7_q0         |   in|   32|   ap_memory|          filter_local_7|         array|
|filter_local_12_address0  |  out|    6|   ap_memory|         filter_local_12|         array|
|filter_local_12_ce0       |  out|    1|   ap_memory|         filter_local_12|         array|
|filter_local_12_q0        |   in|   32|   ap_memory|         filter_local_12|         array|
|filter_local_17_address0  |  out|    6|   ap_memory|         filter_local_17|         array|
|filter_local_17_ce0       |  out|    1|   ap_memory|         filter_local_17|         array|
|filter_local_17_q0        |   in|   32|   ap_memory|         filter_local_17|         array|
|filter_local_22_address0  |  out|    6|   ap_memory|         filter_local_22|         array|
|filter_local_22_ce0       |  out|    1|   ap_memory|         filter_local_22|         array|
|filter_local_22_q0        |   in|   32|   ap_memory|         filter_local_22|         array|
|filter_local_3_address0   |  out|    6|   ap_memory|          filter_local_3|         array|
|filter_local_3_ce0        |  out|    1|   ap_memory|          filter_local_3|         array|
|filter_local_3_q0         |   in|   32|   ap_memory|          filter_local_3|         array|
|filter_local_8_address0   |  out|    6|   ap_memory|          filter_local_8|         array|
|filter_local_8_ce0        |  out|    1|   ap_memory|          filter_local_8|         array|
|filter_local_8_q0         |   in|   32|   ap_memory|          filter_local_8|         array|
|filter_local_13_address0  |  out|    6|   ap_memory|         filter_local_13|         array|
|filter_local_13_ce0       |  out|    1|   ap_memory|         filter_local_13|         array|
|filter_local_13_q0        |   in|   32|   ap_memory|         filter_local_13|         array|
|filter_local_18_address0  |  out|    6|   ap_memory|         filter_local_18|         array|
|filter_local_18_ce0       |  out|    1|   ap_memory|         filter_local_18|         array|
|filter_local_18_q0        |   in|   32|   ap_memory|         filter_local_18|         array|
|filter_local_23_address0  |  out|    6|   ap_memory|         filter_local_23|         array|
|filter_local_23_ce0       |  out|    1|   ap_memory|         filter_local_23|         array|
|filter_local_23_q0        |   in|   32|   ap_memory|         filter_local_23|         array|
|filter_local_4_address0   |  out|    6|   ap_memory|          filter_local_4|         array|
|filter_local_4_ce0        |  out|    1|   ap_memory|          filter_local_4|         array|
|filter_local_4_q0         |   in|   32|   ap_memory|          filter_local_4|         array|
|filter_local_9_address0   |  out|    6|   ap_memory|          filter_local_9|         array|
|filter_local_9_ce0        |  out|    1|   ap_memory|          filter_local_9|         array|
|filter_local_9_q0         |   in|   32|   ap_memory|          filter_local_9|         array|
|filter_local_14_address0  |  out|    6|   ap_memory|         filter_local_14|         array|
|filter_local_14_ce0       |  out|    1|   ap_memory|         filter_local_14|         array|
|filter_local_14_q0        |   in|   32|   ap_memory|         filter_local_14|         array|
|filter_local_19_address0  |  out|    6|   ap_memory|         filter_local_19|         array|
|filter_local_19_ce0       |  out|    1|   ap_memory|         filter_local_19|         array|
|filter_local_19_q0        |   in|   32|   ap_memory|         filter_local_19|         array|
|filter_local_24_address0  |  out|    6|   ap_memory|         filter_local_24|         array|
|filter_local_24_ce0       |  out|    1|   ap_memory|         filter_local_24|         array|
|filter_local_24_q0        |   in|   32|   ap_memory|         filter_local_24|         array|
|filter_2D_179_out         |  out|   32|      ap_vld|       filter_2D_179_out|       pointer|
|filter_2D_179_out_ap_vld  |  out|    1|      ap_vld|       filter_2D_179_out|       pointer|
|filter_2D_178_out         |  out|   32|      ap_vld|       filter_2D_178_out|       pointer|
|filter_2D_178_out_ap_vld  |  out|    1|      ap_vld|       filter_2D_178_out|       pointer|
|filter_2D_177_out         |  out|   32|      ap_vld|       filter_2D_177_out|       pointer|
|filter_2D_177_out_ap_vld  |  out|    1|      ap_vld|       filter_2D_177_out|       pointer|
|filter_2D_176_out         |  out|   32|      ap_vld|       filter_2D_176_out|       pointer|
|filter_2D_176_out_ap_vld  |  out|    1|      ap_vld|       filter_2D_176_out|       pointer|
|filter_2D_175_out         |  out|   32|      ap_vld|       filter_2D_175_out|       pointer|
|filter_2D_175_out_ap_vld  |  out|    1|      ap_vld|       filter_2D_175_out|       pointer|
|filter_2D_174_out         |  out|   32|      ap_vld|       filter_2D_174_out|       pointer|
|filter_2D_174_out_ap_vld  |  out|    1|      ap_vld|       filter_2D_174_out|       pointer|
|filter_2D_173_out         |  out|   32|      ap_vld|       filter_2D_173_out|       pointer|
|filter_2D_173_out_ap_vld  |  out|    1|      ap_vld|       filter_2D_173_out|       pointer|
|filter_2D_172_out         |  out|   32|      ap_vld|       filter_2D_172_out|       pointer|
|filter_2D_172_out_ap_vld  |  out|    1|      ap_vld|       filter_2D_172_out|       pointer|
|filter_2D_171_out         |  out|   32|      ap_vld|       filter_2D_171_out|       pointer|
|filter_2D_171_out_ap_vld  |  out|    1|      ap_vld|       filter_2D_171_out|       pointer|
|filter_2D_170_out         |  out|   32|      ap_vld|       filter_2D_170_out|       pointer|
|filter_2D_170_out_ap_vld  |  out|    1|      ap_vld|       filter_2D_170_out|       pointer|
|filter_2D_169_out         |  out|   32|      ap_vld|       filter_2D_169_out|       pointer|
|filter_2D_169_out_ap_vld  |  out|    1|      ap_vld|       filter_2D_169_out|       pointer|
|filter_2D_168_out         |  out|   32|      ap_vld|       filter_2D_168_out|       pointer|
|filter_2D_168_out_ap_vld  |  out|    1|      ap_vld|       filter_2D_168_out|       pointer|
|filter_2D_167_out         |  out|   32|      ap_vld|       filter_2D_167_out|       pointer|
|filter_2D_167_out_ap_vld  |  out|    1|      ap_vld|       filter_2D_167_out|       pointer|
|filter_2D_166_out         |  out|   32|      ap_vld|       filter_2D_166_out|       pointer|
|filter_2D_166_out_ap_vld  |  out|    1|      ap_vld|       filter_2D_166_out|       pointer|
|filter_2D_165_out         |  out|   32|      ap_vld|       filter_2D_165_out|       pointer|
|filter_2D_165_out_ap_vld  |  out|    1|      ap_vld|       filter_2D_165_out|       pointer|
|filter_2D_164_out         |  out|   32|      ap_vld|       filter_2D_164_out|       pointer|
|filter_2D_164_out_ap_vld  |  out|    1|      ap_vld|       filter_2D_164_out|       pointer|
|filter_2D_163_out         |  out|   32|      ap_vld|       filter_2D_163_out|       pointer|
|filter_2D_163_out_ap_vld  |  out|    1|      ap_vld|       filter_2D_163_out|       pointer|
|filter_2D_162_out         |  out|   32|      ap_vld|       filter_2D_162_out|       pointer|
|filter_2D_162_out_ap_vld  |  out|    1|      ap_vld|       filter_2D_162_out|       pointer|
|filter_2D_161_out         |  out|   32|      ap_vld|       filter_2D_161_out|       pointer|
|filter_2D_161_out_ap_vld  |  out|    1|      ap_vld|       filter_2D_161_out|       pointer|
|filter_2D_160_out         |  out|   32|      ap_vld|       filter_2D_160_out|       pointer|
|filter_2D_160_out_ap_vld  |  out|    1|      ap_vld|       filter_2D_160_out|       pointer|
|filter_2D_159_out         |  out|   32|      ap_vld|       filter_2D_159_out|       pointer|
|filter_2D_159_out_ap_vld  |  out|    1|      ap_vld|       filter_2D_159_out|       pointer|
|filter_2D_158_out         |  out|   32|      ap_vld|       filter_2D_158_out|       pointer|
|filter_2D_158_out_ap_vld  |  out|    1|      ap_vld|       filter_2D_158_out|       pointer|
|filter_2D_157_out         |  out|   32|      ap_vld|       filter_2D_157_out|       pointer|
|filter_2D_157_out_ap_vld  |  out|    1|      ap_vld|       filter_2D_157_out|       pointer|
|filter_2D_156_out         |  out|   32|      ap_vld|       filter_2D_156_out|       pointer|
|filter_2D_156_out_ap_vld  |  out|    1|      ap_vld|       filter_2D_156_out|       pointer|
|filter_2D_155_out         |  out|   32|      ap_vld|       filter_2D_155_out|       pointer|
|filter_2D_155_out_ap_vld  |  out|    1|      ap_vld|       filter_2D_155_out|       pointer|
+--------------------------+-----+-----+------------+------------------------+--------------+

