

================================================================
== Vitis HLS Report for 'conv2_Pipeline_F11'
================================================================
* Date:           Sun Jan 26 21:43:38 2025

* Version:        2024.2 (Build 5238294 on Nov  8 2024)
* Project:        Alex_Net
* Solution:       NN (Vivado IP Flow Target)
* Product family: zynquplus
* Target device:  xczu7ev-ffvc1156-2-i


================================================================
== Performance Estimates
================================================================
+ Timing: 
    * Summary: 
    +--------+----------+----------+------------+
    |  Clock |  Target  | Estimated| Uncertainty|
    +--------+----------+----------+------------+
    |ap_clk  |  10.00 ns|  6.285 ns|     2.70 ns|
    +--------+----------+----------+------------+

+ Latency: 
    * Summary: 
    +---------+---------+-----------+-----------+-----+-----+------------------------------------------------+
    |  Latency (cycles) |   Latency (absolute)  |  Interval |                    Pipeline                    |
    |   min   |   max   |    min    |    max    | min | max |                      Type                      |
    +---------+---------+-----------+-----------+-----+-----+------------------------------------------------+
    |        7|        7|  70.000 ns|  70.000 ns|    6|    6|  loop auto-rewind stp (delay=0 clock cycles(s))|
    +---------+---------+-----------+-----------+-----+-----+------------------------------------------------+

    + Detail: 
        * Instance: 
        N/A

        * Loop: 
        +----------+---------+---------+----------+-----------+-----------+------+----------+
        |          |  Latency (cycles) | Iteration|  Initiation Interval  | Trip |          |
        | Loop Name|   min   |   max   |  Latency |  achieved |   target  | Count| Pipelined|
        +----------+---------+---------+----------+-----------+-----------+------+----------+
        |- F11     |        5|        5|         2|          1|          1|     5|       yes|
        +----------+---------+---------+----------+-----------+-----------+------+----------+



================================================================
== Utilization Estimates
================================================================
* Summary: 
+-----------------+---------+------+--------+--------+-----+
|       Name      | BRAM_18K|  DSP |   FF   |   LUT  | URAM|
+-----------------+---------+------+--------+--------+-----+
|DSP              |        -|     -|       -|       -|    -|
|Expression       |        -|     -|       0|     137|    -|
|FIFO             |        -|     -|       -|       -|    -|
|Instance         |        -|     4|       0|     150|    -|
|Memory           |        -|     -|       -|       -|    -|
|Multiplexer      |        -|     -|       0|     261|    -|
|Register         |        -|     -|     809|       -|    -|
+-----------------+---------+------+--------+--------+-----+
|Total            |        0|     4|     809|     548|    0|
+-----------------+---------+------+--------+--------+-----+
|Available        |      624|  1728|  460800|  230400|   96|
+-----------------+---------+------+--------+--------+-----+
|Utilization (%)  |        0|    ~0|      ~0|      ~0|    0|
+-----------------+---------+------+--------+--------+-----+

+ Detail: 
    * Instance: 
    +-----------------------------+-----------------------+---------+----+---+----+-----+
    |           Instance          |         Module        | BRAM_18K| DSP| FF| LUT| URAM|
    +-----------------------------+-----------------------+---------+----+---+----+-----+
    |mul_11ns_13ns_23_1_1_U5700   |mul_11ns_13ns_23_1_1   |        0|   1|  0|   5|    0|
    |mul_11ns_13ns_23_1_1_U5701   |mul_11ns_13ns_23_1_1   |        0|   1|  0|   5|    0|
    |mul_11ns_13ns_23_1_1_U5702   |mul_11ns_13ns_23_1_1   |        0|   1|  0|   5|    0|
    |mul_11ns_13ns_23_1_1_U5703   |mul_11ns_13ns_23_1_1   |        0|   1|  0|   5|    0|
    |sparsemux_11_3_32_1_1_U5699  |sparsemux_11_3_32_1_1  |        0|   0|  0|  26|    0|
    |sparsemux_11_3_32_1_1_U5704  |sparsemux_11_3_32_1_1  |        0|   0|  0|  26|    0|
    |sparsemux_11_3_32_1_1_U5705  |sparsemux_11_3_32_1_1  |        0|   0|  0|  26|    0|
    |sparsemux_11_3_32_1_1_U5706  |sparsemux_11_3_32_1_1  |        0|   0|  0|  26|    0|
    |sparsemux_11_3_32_1_1_U5707  |sparsemux_11_3_32_1_1  |        0|   0|  0|  26|    0|
    +-----------------------------+-----------------------+---------+----+---+----+-----+
    |Total                        |                       |        0|   4|  0| 150|    0|
    +-----------------------------+-----------------------+---------+----+---+----+-----+

    * DSP: 
    N/A

    * Memory: 
    N/A

    * FIFO: 
    N/A

    * Expression: 
    +------------------------+----------+----+---+----+------------+------------+
    |      Variable Name     | Operation| DSP| FF| LUT| Bitwidth P0| Bitwidth P1|
    +------------------------+----------+----+---+----+------------+------------+
    |add_ln102_1_fu_1179_p2  |         +|   0|  0|  18|          11|           2|
    |add_ln102_2_fu_1214_p2  |         +|   0|  0|  18|          11|           2|
    |add_ln102_3_fu_1249_p2  |         +|   0|  0|  18|          11|           3|
    |add_ln102_fu_1144_p2    |         +|   0|  0|  18|          11|           1|
    |add_ln99_fu_1078_p2     |         +|   0|  0|  10|           3|           1|
    |empty_457_fu_1110_p2    |         +|   0|  0|  18|          11|          11|
    |empty_fu_1100_p2        |         +|   0|  0|  13|           6|           6|
    |ap_condition_822        |       and|   0|  0|   2|           1|           1|
    |ap_condition_826        |       and|   0|  0|   2|           1|           1|
    |ap_condition_830        |       and|   0|  0|   2|           1|           1|
    |ap_condition_837        |       and|   0|  0|   2|           1|           1|
    |ap_condition_842        |       and|   0|  0|   2|           1|           1|
    |ap_condition_845        |       and|   0|  0|   2|           1|           1|
    |icmp_ln99_fu_1072_p2    |      icmp|   0|  0|  10|           3|           3|
    |ap_enable_pp0           |       xor|   0|  0|   2|           1|           2|
    +------------------------+----------+----+---+----+------------+------------+
    |Total                   |          |   0|  0| 137|          74|          37|
    +------------------------+----------+----+---+----+------------+------------+

    * Multiplexer: 
    +-------------------------+----+-----------+-----+-----------+
    |           Name          | LUT| Input Size| Bits| Total Bits|
    +-------------------------+----+-----------+-----+-----------+
    |ap_done_int              |   9|          2|    1|          2|
    |ap_enable_reg_pp0_iter1  |   9|          2|    1|          2|
    |ap_sig_allocacmp_ii      |   9|          2|    3|          6|
    |filter_2D_30_fu_222      |   9|          2|   32|         64|
    |filter_2D_31_fu_226      |   9|          2|   32|         64|
    |filter_2D_32_fu_230      |   9|          2|   32|         64|
    |filter_2D_33_fu_234      |   9|          2|   32|         64|
    |filter_2D_34_fu_238      |   9|          2|   32|         64|
    |filter_2D_35_fu_242      |   9|          2|   32|         64|
    |filter_2D_36_fu_246      |   9|          2|   32|         64|
    |filter_2D_37_fu_250      |   9|          2|   32|         64|
    |filter_2D_38_fu_254      |   9|          2|   32|         64|
    |filter_2D_39_fu_258      |   9|          2|   32|         64|
    |filter_2D_40_fu_262      |   9|          2|   32|         64|
    |filter_2D_41_fu_266      |   9|          2|   32|         64|
    |filter_2D_42_fu_270      |   9|          2|   32|         64|
    |filter_2D_43_fu_274      |   9|          2|   32|         64|
    |filter_2D_44_fu_278      |   9|          2|   32|         64|
    |filter_2D_45_fu_282      |   9|          2|   32|         64|
    |filter_2D_46_fu_286      |   9|          2|   32|         64|
    |filter_2D_47_fu_290      |   9|          2|   32|         64|
    |filter_2D_48_fu_294      |   9|          2|   32|         64|
    |filter_2D_49_fu_298      |   9|          2|   32|         64|
    |filter_2D_75_fu_302      |   9|          2|   32|         64|
    |filter_2D_76_fu_306      |   9|          2|   32|         64|
    |filter_2D_77_fu_310      |   9|          2|   32|         64|
    |filter_2D_78_fu_314      |   9|          2|   32|         64|
    |filter_2D_fu_218         |   9|          2|   32|         64|
    |ii_1_fu_214              |   9|          2|    3|          6|
    +-------------------------+----+-----------+-----+-----------+
    |Total                    | 261|         58|  808|       1616|
    +-------------------------+----+-----------+-----+-----------+

    * Register: 
    +-------------------------+----+----+-----+-----------+
    |           Name          | FF | LUT| Bits| Const Bits|
    +-------------------------+----+----+-----+-----------+
    |ap_CS_fsm                |   1|   0|    1|          0|
    |ap_done_reg              |   1|   0|    1|          0|
    |ap_enable_reg_pp0_iter1  |   1|   0|    1|          0|
    |filter_2D_30_fu_222      |  32|   0|   32|          0|
    |filter_2D_31_fu_226      |  32|   0|   32|          0|
    |filter_2D_32_fu_230      |  32|   0|   32|          0|
    |filter_2D_33_fu_234      |  32|   0|   32|          0|
    |filter_2D_34_fu_238      |  32|   0|   32|          0|
    |filter_2D_35_fu_242      |  32|   0|   32|          0|
    |filter_2D_36_fu_246      |  32|   0|   32|          0|
    |filter_2D_37_fu_250      |  32|   0|   32|          0|
    |filter_2D_38_fu_254      |  32|   0|   32|          0|
    |filter_2D_39_fu_258      |  32|   0|   32|          0|
    |filter_2D_40_fu_262      |  32|   0|   32|          0|
    |filter_2D_41_fu_266      |  32|   0|   32|          0|
    |filter_2D_42_fu_270      |  32|   0|   32|          0|
    |filter_2D_43_fu_274      |  32|   0|   32|          0|
    |filter_2D_44_fu_278      |  32|   0|   32|          0|
    |filter_2D_45_fu_282      |  32|   0|   32|          0|
    |filter_2D_46_fu_286      |  32|   0|   32|          0|
    |filter_2D_47_fu_290      |  32|   0|   32|          0|
    |filter_2D_48_fu_294      |  32|   0|   32|          0|
    |filter_2D_49_fu_298      |  32|   0|   32|          0|
    |filter_2D_75_fu_302      |  32|   0|   32|          0|
    |filter_2D_76_fu_306      |  32|   0|   32|          0|
    |filter_2D_77_fu_310      |  32|   0|   32|          0|
    |filter_2D_78_fu_314      |  32|   0|   32|          0|
    |filter_2D_fu_218         |  32|   0|   32|          0|
    |ii_1_fu_214              |   3|   0|    3|          0|
    |ii_reg_1804              |   3|   0|    3|          0|
    +-------------------------+----+----+-----+-----------+
    |Total                    | 809|   0|  809|          0|
    +-------------------------+----+----+-----+-----------+



================================================================
== Interface
================================================================
* Summary: 
+--------------------------+-----+-----+------------+----------------------+--------------+
|         RTL Ports        | Dir | Bits|  Protocol  |     Source Object    |    C Type    |
+--------------------------+-----+-----+------------+----------------------+--------------+
|ap_clk                    |   in|    1|  ap_ctrl_hs|    conv2_Pipeline_F11|  return value|
|ap_rst                    |   in|    1|  ap_ctrl_hs|    conv2_Pipeline_F11|  return value|
|ap_start                  |   in|    1|  ap_ctrl_hs|    conv2_Pipeline_F11|  return value|
|ap_done                   |  out|    1|  ap_ctrl_hs|    conv2_Pipeline_F11|  return value|
|ap_idle                   |  out|    1|  ap_ctrl_hs|    conv2_Pipeline_F11|  return value|
|ap_ready                  |  out|    1|  ap_ctrl_hs|    conv2_Pipeline_F11|  return value|
|filter_2D_74              |   in|   32|     ap_none|          filter_2D_74|        scalar|
|filter_2D_73              |   in|   32|     ap_none|          filter_2D_73|        scalar|
|filter_2D_72              |   in|   32|     ap_none|          filter_2D_72|        scalar|
|filter_2D_71              |   in|   32|     ap_none|          filter_2D_71|        scalar|
|filter_2D_70              |   in|   32|     ap_none|          filter_2D_70|        scalar|
|filter_2D_69              |   in|   32|     ap_none|          filter_2D_69|        scalar|
|filter_2D_68              |   in|   32|     ap_none|          filter_2D_68|        scalar|
|filter_2D_67              |   in|   32|     ap_none|          filter_2D_67|        scalar|
|filter_2D_66              |   in|   32|     ap_none|          filter_2D_66|        scalar|
|filter_2D_65              |   in|   32|     ap_none|          filter_2D_65|        scalar|
|filter_2D_64              |   in|   32|     ap_none|          filter_2D_64|        scalar|
|filter_2D_63              |   in|   32|     ap_none|          filter_2D_63|        scalar|
|filter_2D_62              |   in|   32|     ap_none|          filter_2D_62|        scalar|
|filter_2D_61              |   in|   32|     ap_none|          filter_2D_61|        scalar|
|filter_2D_60              |   in|   32|     ap_none|          filter_2D_60|        scalar|
|filter_2D_59              |   in|   32|     ap_none|          filter_2D_59|        scalar|
|filter_2D_58              |   in|   32|     ap_none|          filter_2D_58|        scalar|
|filter_2D_57              |   in|   32|     ap_none|          filter_2D_57|        scalar|
|filter_2D_56              |   in|   32|     ap_none|          filter_2D_56|        scalar|
|filter_2D_55              |   in|   32|     ap_none|          filter_2D_55|        scalar|
|filter_2D_54              |   in|   32|     ap_none|          filter_2D_54|        scalar|
|filter_2D_53              |   in|   32|     ap_none|          filter_2D_53|        scalar|
|filter_2D_52              |   in|   32|     ap_none|          filter_2D_52|        scalar|
|filter_2D_51              |   in|   32|     ap_none|          filter_2D_51|        scalar|
|filter_2D_50              |   in|   32|     ap_none|          filter_2D_50|        scalar|
|phi_mul292                |   in|   11|     ap_none|            phi_mul292|        scalar|
|filter_local_load         |   in|   32|     ap_none|     filter_local_load|        scalar|
|filter_local_5_load       |   in|   32|     ap_none|   filter_local_5_load|        scalar|
|filter_local_10_load      |   in|   32|     ap_none|  filter_local_10_load|        scalar|
|filter_local_15_load      |   in|   32|     ap_none|  filter_local_15_load|        scalar|
|filter_local_20_load      |   in|   32|     ap_none|  filter_local_20_load|        scalar|
|filter_local_1_address0   |  out|    6|   ap_memory|        filter_local_1|         array|
|filter_local_1_ce0        |  out|    1|   ap_memory|        filter_local_1|         array|
|filter_local_1_q0         |   in|   32|   ap_memory|        filter_local_1|         array|
|filter_local_6_address0   |  out|    6|   ap_memory|        filter_local_6|         array|
|filter_local_6_ce0        |  out|    1|   ap_memory|        filter_local_6|         array|
|filter_local_6_q0         |   in|   32|   ap_memory|        filter_local_6|         array|
|filter_local_11_address0  |  out|    6|   ap_memory|       filter_local_11|         array|
|filter_local_11_ce0       |  out|    1|   ap_memory|       filter_local_11|         array|
|filter_local_11_q0        |   in|   32|   ap_memory|       filter_local_11|         array|
|filter_local_16_address0  |  out|    6|   ap_memory|       filter_local_16|         array|
|filter_local_16_ce0       |  out|    1|   ap_memory|       filter_local_16|         array|
|filter_local_16_q0        |   in|   32|   ap_memory|       filter_local_16|         array|
|filter_local_21_address0  |  out|    6|   ap_memory|       filter_local_21|         array|
|filter_local_21_ce0       |  out|    1|   ap_memory|       filter_local_21|         array|
|filter_local_21_q0        |   in|   32|   ap_memory|       filter_local_21|         array|
|filter_local_2_address0   |  out|    6|   ap_memory|        filter_local_2|         array|
|filter_local_2_ce0        |  out|    1|   ap_memory|        filter_local_2|         array|
|filter_local_2_q0         |   in|   32|   ap_memory|        filter_local_2|         array|
|filter_local_7_address0   |  out|    6|   ap_memory|        filter_local_7|         array|
|filter_local_7_ce0        |  out|    1|   ap_memory|        filter_local_7|         array|
|filter_local_7_q0         |   in|   32|   ap_memory|        filter_local_7|         array|
|filter_local_12_address0  |  out|    6|   ap_memory|       filter_local_12|         array|
|filter_local_12_ce0       |  out|    1|   ap_memory|       filter_local_12|         array|
|filter_local_12_q0        |   in|   32|   ap_memory|       filter_local_12|         array|
|filter_local_17_address0  |  out|    6|   ap_memory|       filter_local_17|         array|
|filter_local_17_ce0       |  out|    1|   ap_memory|       filter_local_17|         array|
|filter_local_17_q0        |   in|   32|   ap_memory|       filter_local_17|         array|
|filter_local_22_address0  |  out|    6|   ap_memory|       filter_local_22|         array|
|filter_local_22_ce0       |  out|    1|   ap_memory|       filter_local_22|         array|
|filter_local_22_q0        |   in|   32|   ap_memory|       filter_local_22|         array|
|filter_local_3_address0   |  out|    6|   ap_memory|        filter_local_3|         array|
|filter_local_3_ce0        |  out|    1|   ap_memory|        filter_local_3|         array|
|filter_local_3_q0         |   in|   32|   ap_memory|        filter_local_3|         array|
|filter_local_8_address0   |  out|    6|   ap_memory|        filter_local_8|         array|
|filter_local_8_ce0        |  out|    1|   ap_memory|        filter_local_8|         array|
|filter_local_8_q0         |   in|   32|   ap_memory|        filter_local_8|         array|
|filter_local_13_address0  |  out|    6|   ap_memory|       filter_local_13|         array|
|filter_local_13_ce0       |  out|    1|   ap_memory|       filter_local_13|         array|
|filter_local_13_q0        |   in|   32|   ap_memory|       filter_local_13|         array|
|filter_local_18_address0  |  out|    6|   ap_memory|       filter_local_18|         array|
|filter_local_18_ce0       |  out|    1|   ap_memory|       filter_local_18|         array|
|filter_local_18_q0        |   in|   32|   ap_memory|       filter_local_18|         array|
|filter_local_23_address0  |  out|    6|   ap_memory|       filter_local_23|         array|
|filter_local_23_ce0       |  out|    1|   ap_memory|       filter_local_23|         array|
|filter_local_23_q0        |   in|   32|   ap_memory|       filter_local_23|         array|
|filter_local_4_address0   |  out|    6|   ap_memory|        filter_local_4|         array|
|filter_local_4_ce0        |  out|    1|   ap_memory|        filter_local_4|         array|
|filter_local_4_q0         |   in|   32|   ap_memory|        filter_local_4|         array|
|filter_local_9_address0   |  out|    6|   ap_memory|        filter_local_9|         array|
|filter_local_9_ce0        |  out|    1|   ap_memory|        filter_local_9|         array|
|filter_local_9_q0         |   in|   32|   ap_memory|        filter_local_9|         array|
|filter_local_14_address0  |  out|    6|   ap_memory|       filter_local_14|         array|
|filter_local_14_ce0       |  out|    1|   ap_memory|       filter_local_14|         array|
|filter_local_14_q0        |   in|   32|   ap_memory|       filter_local_14|         array|
|filter_local_19_address0  |  out|    6|   ap_memory|       filter_local_19|         array|
|filter_local_19_ce0       |  out|    1|   ap_memory|       filter_local_19|         array|
|filter_local_19_q0        |   in|   32|   ap_memory|       filter_local_19|         array|
|filter_local_24_address0  |  out|    6|   ap_memory|       filter_local_24|         array|
|filter_local_24_ce0       |  out|    1|   ap_memory|       filter_local_24|         array|
|filter_local_24_q0        |   in|   32|   ap_memory|       filter_local_24|         array|
|filter_2D_124_out         |  out|   32|      ap_vld|     filter_2D_124_out|       pointer|
|filter_2D_124_out_ap_vld  |  out|    1|      ap_vld|     filter_2D_124_out|       pointer|
|filter_2D_123_out         |  out|   32|      ap_vld|     filter_2D_123_out|       pointer|
|filter_2D_123_out_ap_vld  |  out|    1|      ap_vld|     filter_2D_123_out|       pointer|
|filter_2D_122_out         |  out|   32|      ap_vld|     filter_2D_122_out|       pointer|
|filter_2D_122_out_ap_vld  |  out|    1|      ap_vld|     filter_2D_122_out|       pointer|
|filter_2D_121_out         |  out|   32|      ap_vld|     filter_2D_121_out|       pointer|
|filter_2D_121_out_ap_vld  |  out|    1|      ap_vld|     filter_2D_121_out|       pointer|
|filter_2D_120_out         |  out|   32|      ap_vld|     filter_2D_120_out|       pointer|
|filter_2D_120_out_ap_vld  |  out|    1|      ap_vld|     filter_2D_120_out|       pointer|
|filter_2D_119_out         |  out|   32|      ap_vld|     filter_2D_119_out|       pointer|
|filter_2D_119_out_ap_vld  |  out|    1|      ap_vld|     filter_2D_119_out|       pointer|
|filter_2D_118_out         |  out|   32|      ap_vld|     filter_2D_118_out|       pointer|
|filter_2D_118_out_ap_vld  |  out|    1|      ap_vld|     filter_2D_118_out|       pointer|
|filter_2D_117_out         |  out|   32|      ap_vld|     filter_2D_117_out|       pointer|
|filter_2D_117_out_ap_vld  |  out|    1|      ap_vld|     filter_2D_117_out|       pointer|
|filter_2D_116_out         |  out|   32|      ap_vld|     filter_2D_116_out|       pointer|
|filter_2D_116_out_ap_vld  |  out|    1|      ap_vld|     filter_2D_116_out|       pointer|
|filter_2D_115_out         |  out|   32|      ap_vld|     filter_2D_115_out|       pointer|
|filter_2D_115_out_ap_vld  |  out|    1|      ap_vld|     filter_2D_115_out|       pointer|
|filter_2D_114_out         |  out|   32|      ap_vld|     filter_2D_114_out|       pointer|
|filter_2D_114_out_ap_vld  |  out|    1|      ap_vld|     filter_2D_114_out|       pointer|
|filter_2D_113_out         |  out|   32|      ap_vld|     filter_2D_113_out|       pointer|
|filter_2D_113_out_ap_vld  |  out|    1|      ap_vld|     filter_2D_113_out|       pointer|
|filter_2D_112_out         |  out|   32|      ap_vld|     filter_2D_112_out|       pointer|
|filter_2D_112_out_ap_vld  |  out|    1|      ap_vld|     filter_2D_112_out|       pointer|
|filter_2D_111_out         |  out|   32|      ap_vld|     filter_2D_111_out|       pointer|
|filter_2D_111_out_ap_vld  |  out|    1|      ap_vld|     filter_2D_111_out|       pointer|
|filter_2D_110_out         |  out|   32|      ap_vld|     filter_2D_110_out|       pointer|
|filter_2D_110_out_ap_vld  |  out|    1|      ap_vld|     filter_2D_110_out|       pointer|
|filter_2D_109_out         |  out|   32|      ap_vld|     filter_2D_109_out|       pointer|
|filter_2D_109_out_ap_vld  |  out|    1|      ap_vld|     filter_2D_109_out|       pointer|
|filter_2D_108_out         |  out|   32|      ap_vld|     filter_2D_108_out|       pointer|
|filter_2D_108_out_ap_vld  |  out|    1|      ap_vld|     filter_2D_108_out|       pointer|
|filter_2D_107_out         |  out|   32|      ap_vld|     filter_2D_107_out|       pointer|
|filter_2D_107_out_ap_vld  |  out|    1|      ap_vld|     filter_2D_107_out|       pointer|
|filter_2D_106_out         |  out|   32|      ap_vld|     filter_2D_106_out|       pointer|
|filter_2D_106_out_ap_vld  |  out|    1|      ap_vld|     filter_2D_106_out|       pointer|
|filter_2D_105_out         |  out|   32|      ap_vld|     filter_2D_105_out|       pointer|
|filter_2D_105_out_ap_vld  |  out|    1|      ap_vld|     filter_2D_105_out|       pointer|
|filter_2D_104_out         |  out|   32|      ap_vld|     filter_2D_104_out|       pointer|
|filter_2D_104_out_ap_vld  |  out|    1|      ap_vld|     filter_2D_104_out|       pointer|
|filter_2D_103_out         |  out|   32|      ap_vld|     filter_2D_103_out|       pointer|
|filter_2D_103_out_ap_vld  |  out|    1|      ap_vld|     filter_2D_103_out|       pointer|
|filter_2D_102_out         |  out|   32|      ap_vld|     filter_2D_102_out|       pointer|
|filter_2D_102_out_ap_vld  |  out|    1|      ap_vld|     filter_2D_102_out|       pointer|
|filter_2D_101_out         |  out|   32|      ap_vld|     filter_2D_101_out|       pointer|
|filter_2D_101_out_ap_vld  |  out|    1|      ap_vld|     filter_2D_101_out|       pointer|
|filter_2D_100_out         |  out|   32|      ap_vld|     filter_2D_100_out|       pointer|
|filter_2D_100_out_ap_vld  |  out|    1|      ap_vld|     filter_2D_100_out|       pointer|
+--------------------------+-----+-----+------------+----------------------+--------------+

