================================================================
== Design Size Report
================================================================

* Total Instructions per Compilation Phase
+---------------+-----------------------------+--------------+----------------------------------------------------------------------------------------+
| Phase         | Step                        | Instructions | Description                                                                            |
+---------------+-----------------------------+--------------+----------------------------------------------------------------------------------------+
| Compile/Link  |                             | 378,532 *    | After all functions are compiled and linked into a single design                       |
|               |                             |              |                                                                                        |
| Unroll/Inline |                             |              | After user unroll and inline pragmas are applied                                       |
|               | (1) unroll                  | 216,815 *    | user unroll pragmas are applied                                                        |
|               | (2) simplification          |  72,475      | simplification of applied user unroll pragmas                                          |
|               | (3) inline                  |  69,499      | user inline pragmas are applied                                                        |
|               | (4) simplification          |  57,276      | simplification of applied user inline pragmas                                          |
|               |                             |              |                                                                                        |
| Array/Struct  |                             |              | After user array partition and struct aggregate/disaggregate pragmas are applied       |
|               | (1) array partition         | 214,116 *    | user array partition pragmas are applied                                               |
|               | (2) simplification          |  89,484      | simplification of applied user array partition & struct aggregate/disaggregate pragmas |
|               | (3) aggregate/disaggregate  |  89,484      | user struct aggregate/disaggregate pragmas are applied                                 |
|               | (4) array reshape           |  89,476      | apply array reshape pragmas                                                            |
|               | (5) access patterns         |  96,765      | array access pattern optmizations                                                      |
|               |                             |              |                                                                                        |
| Performance   |                             |              | After transformations are applied to meet performance pragma targets                   |
|               | (1) loop simplification     |  94,651      | loop and instruction simplification                                                    |
|               | (2) parallelization         |  86,168      | loops are unrolled or pipelined to meet performance targets                            |
|               | (3) array partition         |  91,493      | arrays are partitioned to meet performance targets                                     |
|               | (4) simplification          |  86,896      | simplification of design after performance transformations                             |
|               |                             |              |                                                                                        |
| HW Transforms |                             |              | After hardware transfomations                                                          |
|               | (1) lowering                |  86,919      | initial conversion to HW specific instructions                                         |
|               | (2) optimizations           |  87,357      | high level synthesis optimizations                                                     |
+---------------+-----------------------------+--------------+----------------------------------------------------------------------------------------+
    * - Exceeded design size warning message threshold

* Instructions per Function for each Compilation Phase
+----------------------------------------+-------------------+--------------------+-------------------+-------------------+-------------------+-------------------+
| Function                               | Location          | Compile/Link       | Unroll/Inline     | Array/Struct      | Performance       | HW Transforms     |
+----------------------------------------+-------------------+--------------------+-------------------+-------------------+-------------------+-------------------+
| + NN                                   | NN.cpp:38         | 378,532 *          | 57,276            | 96,765            | 86,896            | 87,357            |
|    conv1                               | conv1.cpp:21      |    775             | 5,408             | 3,867             | 3,888             | 3,947             |
|    pool1                               | pool1.cpp:25      |    381             |   161             |   715             |   590             |   604             |
|  + norm1                               | norm1.cpp:32      | 186,978            | 12,637            | 13,312            | 11,872            | 11,944            |
|   + powf                               | powfloat.cpp:7    | 186,560 (10 calls) |                   |                   |                   |                   |
|    + pow_generic<float>                | hls_pow.h:291     | 186,540 (10 calls) |                   |                   |                   |                   |
|       fp_struct                        | x_hls_utils.h:283 |  6,360 (20 calls)  |                   |                   |                   |                   |
|       fp_struct                        | x_hls_utils.h:281 |     40 (10 calls)  |                   |                   |                   |                   |
|       expv                             | x_hls_utils.h:316 |  2,180 (20 calls)  |                   |                   |                   |                   |
|     + generic_isinf<float>             | hls_isinf.h:16    |  7,760 (20 calls)  |                   |                   |                   |                   |
|        fp_struct                       | x_hls_utils.h:283 |  6,360 (20 calls)  |                   |                   |                   |                   |
|     + generic_isnan<float>             | hls_isnan.h:16    |  7,780 (20 calls)  |                   |                   |                   |                   |
|        fp_struct                       | x_hls_utils.h:283 |  6,360 (20 calls)  |                   |                   |                   |                   |
|     + to_ieee                          | x_hls_utils.h:346 | 27,270 (90 calls)  |                   |                   |                   |                   |
|      + to_float                        | x_hls_utils.h:322 | 27,090 (90 calls)  |                   |                   |                   |                   |
|         data                           | x_hls_utils.h:309 | 25,110 (90 calls)  |                   |                   |                   |                   |
|     + log_range_reduction<39>          | hls_pow.h:130     | 43,990 (10 calls)  |                   |                   |                   |                   |
|        log_range_reduce<ap_fixed<65... | hls_pow.h:30      | 12,650 (10 calls)  |                   |                   |                   |                   |
|        log_range_reduce<ap_fixed<65... | hls_pow.h:30      | 12,420 (10 calls)  |                   |                   |                   |                   |
|        log_range_reduce<ap_fixed<65... | hls_pow.h:30      | 12,400 (10 calls)  |                   |                   |                   |                   |
|       exp_Z1P_m_1                      | hls_pow.h:156     |  3,600 (10 calls)  |                   |                   |                   |                   |
|   + pow_generic<float>                 | hls_pow.h:291     |                    | 12,408 (24 calls) | 12,144 (24 calls) | 10,704 (24 calls) | 10,728 (24 calls) |
|      to_ieee                           | x_hls_utils.h:346 |                    | 1,944 (216 calls) | 1,944 (216 calls) | 1,296 (216 calls) | 1,296 (216 calls) |
|    pad1                                | pad1.cpp:30       |     66             |                   |                   |                   |                   |
|    conv2                               | conv2.cpp:30      |    640             | 1,413             | 36,673            | 31,339            | 31,415            |
|    pool2                               | pool2.cpp:25      |    381             |   161             |   421             |   484             |   481             |
|  + norm2                               | norm2.cpp:31      | 186,978            | 12,637            | 14,912            | 13,472            | 13,544            |
|   + powf                               | powfloat.cpp:7    | 186,560 (10 calls) |                   |                   |                   |                   |
|    + pow_generic<float>                | hls_pow.h:291     | 186,540 (10 calls) |                   |                   |                   |                   |
|       fp_struct                        | x_hls_utils.h:283 |  6,360 (20 calls)  |                   |                   |                   |                   |
|       fp_struct                        | x_hls_utils.h:281 |     40 (10 calls)  |                   |                   |                   |                   |
|       expv                             | x_hls_utils.h:316 |  2,180 (20 calls)  |                   |                   |                   |                   |
|     + generic_isinf<float>             | hls_isinf.h:16    |  7,760 (20 calls)  |                   |                   |                   |                   |
|        fp_struct                       | x_hls_utils.h:283 |  6,360 (20 calls)  |                   |                   |                   |                   |
|     + generic_isnan<float>             | hls_isnan.h:16    |  7,780 (20 calls)  |                   |                   |                   |                   |
|        fp_struct                       | x_hls_utils.h:283 |  6,360 (20 calls)  |                   |                   |                   |                   |
|     + to_ieee                          | x_hls_utils.h:346 | 27,270 (90 calls)  |                   |                   |                   |                   |
|      + to_float                        | x_hls_utils.h:322 | 27,090 (90 calls)  |                   |                   |                   |                   |
|         data                           | x_hls_utils.h:309 | 25,110 (90 calls)  |                   |                   |                   |                   |
|     + log_range_reduction<39>          | hls_pow.h:130     | 43,990 (10 calls)  |                   |                   |                   |                   |
|        log_range_reduce<ap_fixed<65... | hls_pow.h:30      | 12,650 (10 calls)  |                   |                   |                   |                   |
|        log_range_reduce<ap_fixed<65... | hls_pow.h:30      | 12,420 (10 calls)  |                   |                   |                   |                   |
|        log_range_reduce<ap_fixed<65... | hls_pow.h:30      | 12,400 (10 calls)  |                   |                   |                   |                   |
|       exp_Z1P_m_1                      | hls_pow.h:156     |  3,600 (10 calls)  |                   |                   |                   |                   |
|   + pow_generic<float>                 | hls_pow.h:291     |                    | 12,408 (24 calls) | 12,144 (24 calls) | 10,704 (24 calls) | 10,728 (24 calls) |
|      to_ieee                           | x_hls_utils.h:346 |                    | 1,944 (216 calls) | 1,944 (216 calls) | 1,296 (216 calls) | 1,296 (216 calls) |
|    pad2                                | pad2.cpp:19       |     59             |                   |                   |                   |                   |
|    conv3                               | conv3.cpp:30      |    341             | 4,771             | 5,257             | 4,931             | 4,955             |
|    pad3                                | pad3.cpp:30       |     64             |                   |                   |                   |                   |
|    conv4                               | conv4.cpp:30      |    646             | 9,863             | 10,581            | 9,760             | 9,808             |
|    pad4                                | pad4.cpp:30       |     64             |                   |                   |                   |                   |
|    conv5                               | conv5.cpp:30      |    640             | 9,863             | 10,581            | 9,760             | 9,808             |
|    pool5                               | pool5.cpp:25      |    381             |   161             |   258             |   279             |   277             |
+----------------------------------------+-------------------+--------------------+-------------------+-------------------+-------------------+-------------------+
    * - Exceeded design size warning message threshold

* Design Size Message Settings
+---------------------------------------------+--------+------------------------------------------------------------------+
| Message Setting                             | Value  | Description                                                      |
+---------------------------------------------+--------+------------------------------------------------------------------+
| config_compile -design_size_maximum_warning | 100000 | Show a warning when total design instructions exceeds this value |
+---------------------------------------------+--------+------------------------------------------------------------------+


